---
source: tests/m03.rs
expression: result
---
Ok(
    [
        FrameEnter {
            frame_id: FrameId(
                0,
            ),
            fn_name: "main",
            span: Span {
                start: 48,
                end: 52,
                file: FileId(
                    1,
                ),
            },
        },
        FrameEnter {
            frame_id: FrameId(
                1,
            ),
            fn_name: "add",
            span: Span {
                start: 69,
                end: 78,
                file: FileId(
                    1,
                ),
            },
        },
        SlotAlloc {
            slot_id: SlotId(
                0,
            ),
            name: "a",
            ty: Int(
                I32,
            ),
            span: Span {
                start: 7,
                end: 13,
                file: FileId(
                    1,
                ),
            },
        },
        SlotWrite {
            slot_id: SlotId(
                0,
            ),
            value: Int {
                kind: I32,
                bits: 2,
            },
            span: Span {
                start: 7,
                end: 13,
                file: FileId(
                    1,
                ),
            },
        },
        SlotAlloc {
            slot_id: SlotId(
                1,
            ),
            name: "b",
            ty: Int(
                I32,
            ),
            span: Span {
                start: 15,
                end: 21,
                file: FileId(
                    1,
                ),
            },
        },
        SlotWrite {
            slot_id: SlotId(
                1,
            ),
            value: Int {
                kind: I32,
                bits: 3,
            },
            span: Span {
                start: 15,
                end: 21,
                file: FileId(
                    1,
                ),
            },
        },
        ReturnValue {
            frame_id: FrameId(
                1,
            ),
            value: Int {
                kind: I32,
                bits: 5,
            },
            span: Span {
                start: 36,
                end: 41,
                file: FileId(
                    1,
                ),
            },
        },
        FrameLeave {
            frame_id: FrameId(
                1,
            ),
            return_value: Int {
                kind: I32,
                bits: 5,
            },
            span: Span {
                start: 42,
                end: 43,
                file: FileId(
                    1,
                ),
            },
        },
        SlotAlloc {
            slot_id: SlotId(
                2,
            ),
            name: "r",
            ty: Int(
                I32,
            ),
            span: Span {
                start: 61,
                end: 79,
                file: FileId(
                    1,
                ),
            },
        },
        SlotWrite {
            slot_id: SlotId(
                2,
            ),
            value: Int {
                kind: I32,
                bits: 5,
            },
            span: Span {
                start: 61,
                end: 79,
                file: FileId(
                    1,
                ),
            },
        },
        ReturnValue {
            frame_id: FrameId(
                0,
            ),
            value: Unit,
            span: Span {
                start: 80,
                end: 81,
                file: FileId(
                    1,
                ),
            },
        },
        FrameLeave {
            frame_id: FrameId(
                0,
            ),
            return_value: Unit,
            span: Span {
                start: 80,
                end: 81,
                file: FileId(
                    1,
                ),
            },
        },
    ],
)
