---
source: tests/m03.rs
expression: result
---
Ok(
    [
        FrameEnter {
            frame_id: FrameId(
                0,
            ),
            fn_name: "main",
            span: Span {
                start: 3,
                end: 7,
                file: FileId(
                    1,
                ),
            },
        },
        SlotAlloc {
            slot_id: SlotId(
                0,
            ),
            name: "x",
            ty: Int(
                I32,
            ),
            span: Span {
                start: 16,
                end: 30,
                file: FileId(
                    1,
                ),
            },
        },
        SlotWrite {
            slot_id: SlotId(
                0,
            ),
            value: Int {
                kind: I32,
                bits: 5,
            },
            span: Span {
                start: 16,
                end: 30,
                file: FileId(
                    1,
                ),
            },
        },
        FrameLeave {
            frame_id: FrameId(
                0,
            ),
            return_value: Unit,
            span: Span {
                start: 31,
                end: 32,
                file: FileId(
                    1,
                ),
            },
        },
    ],
)
