---
source: tests/m02.rs
expression: result
---
Err(
    ParseError {
        message: "binary operator `+` requires both operands to be the same numeric type, found `i32` and `bool`",
        span: Span {
            start: 24,
            end: 32,
            file: FileId(
                1,
            ),
        },
    },
)
